#-----------------------------------------------------------
# Vivado v2021.2 (64-bit)
# SW Build 3367213 on Tue Oct 19 02:48:09 MDT 2021
# IP Build 3369179 on Thu Oct 21 08:25:16 MDT 2021
# Start of session at: Tue May  9 13:24:29 2023
# Process ID: 20648
# Current directory: C:/Users/huhug/FPGA_workspace/Doutoramento/ZC706_start/GTX_implementation_tests/OTHER/gtwizard_0_ex
# Command line: vivado.exe -gui_launcher_event rodinguilauncherevent19224 C:\Users\huhug\FPGA_workspace\Doutoramento\ZC706_start\GTX_implementation_tests\OTHER\gtwizard_0_ex\gtwizard_0_ex.xpr
# Log file: C:/Users/huhug/FPGA_workspace/Doutoramento/ZC706_start/GTX_implementation_tests/OTHER/gtwizard_0_ex/vivado.log
# Journal file: C:/Users/huhug/FPGA_workspace/Doutoramento/ZC706_start/GTX_implementation_tests/OTHER/gtwizard_0_ex\vivado.jou
# Running On: LAPTOP-UAA2KK37, OS: Windows, CPU Frequency: 1992 MHz, CPU Physical cores: 4, Host memory: 17022 MB
#-----------------------------------------------------------
start_gui
open_project C:/Users/huhug/FPGA_workspace/Doutoramento/ZC706_start/GTX_implementation_tests/OTHER/gtwizard_0_ex/gtwizard_0_ex.xpr
update_compile_order -fileset sources_1
write_hw_platform -fixed -include_bit -force -file {C:/Users/huhug/FPGA_workspace/Doutoramento/ZC706_start/GTX_implementation_tests/OTHER/gtwizard_0_ex/sxa files/1ns_10Mhz.xsa}
